// Jest Snapshot v1, https://goo.gl/fbAQLP

exports[`Input with all possible props matches the snapshot 1`] = `
<div
  className="block input input_clear input_fullwidth block__input"
>
  <input
    className="input__text"
    id="commitHash"
    inputMode="text"
    onBlur={[Function]}
    onChange={[Function]}
    pattern="\\\\w{7,}"
    placeholder="Commit hash"
    required={true}
    title="Hash 7 letters/numbers"
    type="text"
  />
  <div
    aria-label="Clear input"
    className="input__clear-btn"
    onClick={[Function]}
    onKeyDown={[Function]}
    role="button"
    tabIndex={0}
  />
</div>
`;
